// Jest Snapshot v1, https://goo.gl/fbAQLP

exports[`Snapshot test for TodoInput component Create a snaphot if not available and compare 1`] = `
<form
  onSubmit={[Function]}
>
  <div
    className="row"
  >
    <div
      className="col-sm-12 text-center"
    >
      <input
        autoComplete="off"
        onChange={[Function]}
        style={
          Object {
            "marginRight": 5,
            "padding": 5,
            "verticalAlign": "bottom",
          }
        }
        type="text"
        value=""
      />
      <button
        className="btn btn-outline-primary"
      >
        Add
      </button>
    </div>
  </div>
</form>
`;
